// Jest Snapshot v1, https://goo.gl/fbAQLP

exports[`<Form /> should render 1`] = `
<ContextProvider
  value={null}
>
  <AutoInitialisedForm
    dispatch={[Function]}
    fields={Array []}
    form="form1"
    meta={
      Object {
        "fields": Object {},
        "values": undefined,
      }
    }
    store={
      Object {
        "@@observable": [Function],
        "dispatch": [Function],
        "getState": [Function],
        "replaceReducer": [Function],
        "subscribe": [Function],
      }
    }
  />
</ContextProvider>
`;
