// Jest Snapshot v1, https://goo.gl/fbAQLP

exports[`CategoricalBin renders CategoricalBin interface 1`] = `
<div
  className="categorical-bin-interface"
>
  <div
    className="categorical-bin-interface__prompt"
  >
    <Prompts />
  </div>
  <div
    className="categorical-bin-interface__bucket"
    onClick={[Function]}
  >
    <MultiNodeBucket
      itemType="NODE"
      label={[Function]}
      listId="undefined_undefined_CAT_BUCKET"
      nodeColor=""
      nodes={Array []}
      sortOrder={Array []}
    />
  </div>
  <Connect(Monitor)
    expandedBinIndex={null}
    prompt={Object {}}
    stage={Object {}}
  />
</div>
`;
