// Jest Snapshot v1, https://goo.gl/fbAQLP

exports[`<EdgeLayout /> renders ok 1`] = `
<div
  className="edge-layout"
>
  <svg
    preserveAspectRatio="none"
    viewBox="0 0 100 100"
    xmlns="http://www.w3.org/2000/svg"
  >
    <Connect(Edge)
      from={
        Object {
          "x": 100,
          "y": 100,
        }
      }
      key="foo_bar_baz"
      to={
        Object {
          "x": 100,
          "y": 100,
        }
      }
      type="type"
      viewBoxScale={100}
    />
  </svg>
</div>
`;
