// Jest Snapshot v1, https://goo.gl/fbAQLP

exports[`CategoricalList component renders categorical list 1`] = `
<div
  className="categorical-list categorical-list--items--2"
  onClick={[Function]}
>
  <Flipper
    applyTransformOrigin={true}
    className="categorical-list__items"
    element="div"
    flipKey=""
  >
    <div
      className="categorical-list__item"
      key="1"
      onClick={[Function]}
      style={
        Object {
          "height": "undefinedpx",
          "width": "undefinedpx",
        }
      }
    >
      <withState(withProps(DropTarget))
        accentColor={null}
        details="label and 2 others"
        id="CATBIN_ITEM_1_1_1"
        isExpanded={false}
        key="1"
        label="one"
        nodes={
          Array [
            1,
            2,
            3,
          ]
        }
        onClick={[Function]}
        onDrop={[Function]}
      />
    </div>
    <div
      className="categorical-list__item"
      key="2"
      onClick={[Function]}
      style={
        Object {
          "height": "undefinedpx",
          "width": "undefinedpx",
        }
      }
    >
      <withState(withProps(DropTarget))
        accentColor={null}
        details="label and 1 other"
        id="CATBIN_ITEM_1_1_2"
        isExpanded={false}
        key="2"
        label="two"
        nodes={
          Array [
            4,
            5,
          ]
        }
        onClick={[Function]}
        onDrop={[Function]}
      />
    </div>
  </Flipper>
</div>
`;
