// Jest Snapshot v1, https://goo.gl/fbAQLP

exports[`<Field /> should render 1`] = `
ShallowWrapper {
  "length": 1,
  Symbol(enzyme.__root__): [Circular],
  Symbol(enzyme.__unrendered__): <Field
    component="Alphanumeric"
    label="Name"
    name="name"
    validation={Object {}}
  />,
  Symbol(enzyme.__renderer__): Object {
    "batchedUpdates": [Function],
    "getNode": [Function],
    "render": [Function],
    "simulateEvent": [Function],
    "unmount": [Function],
  },
  Symbol(enzyme.__node__): Object {
    "instance": null,
    "key": undefined,
    "nodeType": "class",
    "props": Object {
      "component": [Function],
      "label": "Name",
      "name": "name",
      "validate": Array [],
    },
    "ref": null,
    "rendered": null,
    "type": [Function],
  },
  Symbol(enzyme.__nodes__): Array [
    Object {
      "instance": null,
      "key": undefined,
      "nodeType": "class",
      "props": Object {
        "component": [Function],
        "label": "Name",
        "name": "name",
        "validate": Array [],
      },
      "ref": null,
      "rendered": null,
      "type": [Function],
    },
  ],
  Symbol(enzyme.__options__): Object {
    "adapter": ReactSixteenAdapter {
      "options": Object {
        "enableComponentDidUpdateOnSetState": true,
      },
    },
  },
}
`;

exports[`getInputComponent() should return renderable component 1`] = `
ShallowWrapper {
  "length": 1,
  Symbol(enzyme.__root__): [Circular],
  Symbol(enzyme.__unrendered__): <TextInput
    autoFocus={false}
    className=""
    fieldLabel={null}
    hidden={false}
    input={
      Object {
        "name": "foo",
        "value": "",
      }
    }
    label={null}
    meta={
      Object {
        "invalid": false,
      }
    }
    placeholder=""
    type="text"
  />,
  Symbol(enzyme.__renderer__): Object {
    "batchedUpdates": [Function],
    "getNode": [Function],
    "render": [Function],
    "simulateEvent": [Function],
    "unmount": [Function],
  },
  Symbol(enzyme.__node__): Object {
    "instance": null,
    "key": undefined,
    "nodeType": "host",
    "props": Object {
      "children": Array [
        <h4>
          
        </h4>,
        <div
          className="form-field form-field-text"
        >
          <input
            autoFocus={false}
            className="form-field-text__input"
            id={undefined}
            name="foo"
            placeholder={null}
            type="text"
            value=""
          />
        </div>,
      ],
      "className": "form-field-container",
      "hidden": false,
    },
    "ref": null,
    "rendered": Array [
      Object {
        "instance": null,
        "key": undefined,
        "nodeType": "host",
        "props": Object {
          "children": "",
        },
        "ref": null,
        "rendered": "",
        "type": "h4",
      },
      Object {
        "instance": null,
        "key": undefined,
        "nodeType": "host",
        "props": Object {
          "children": Array [
            <input
              autoFocus={false}
              className="form-field-text__input"
              id={undefined}
              name="foo"
              placeholder={null}
              type="text"
              value=""
            />,
            false,
          ],
          "className": "form-field form-field-text",
        },
        "ref": null,
        "rendered": Array [
          Object {
            "instance": null,
            "key": undefined,
            "nodeType": "host",
            "props": Object {
              "autoFocus": false,
              "className": "form-field-text__input",
              "id": undefined,
              "name": "foo",
              "placeholder": null,
              "type": "text",
              "value": "",
            },
            "ref": null,
            "rendered": null,
            "type": "input",
          },
          false,
        ],
        "type": "div",
      },
    ],
    "type": "div",
  },
  Symbol(enzyme.__nodes__): Array [
    Object {
      "instance": null,
      "key": undefined,
      "nodeType": "host",
      "props": Object {
        "children": Array [
          <h4>
            
          </h4>,
          <div
            className="form-field form-field-text"
          >
            <input
              autoFocus={false}
              className="form-field-text__input"
              id={undefined}
              name="foo"
              placeholder={null}
              type="text"
              value=""
            />
          </div>,
        ],
        "className": "form-field-container",
        "hidden": false,
      },
      "ref": null,
      "rendered": Array [
        Object {
          "instance": null,
          "key": undefined,
          "nodeType": "host",
          "props": Object {
            "children": "",
          },
          "ref": null,
          "rendered": "",
          "type": "h4",
        },
        Object {
          "instance": null,
          "key": undefined,
          "nodeType": "host",
          "props": Object {
            "children": Array [
              <input
                autoFocus={false}
                className="form-field-text__input"
                id={undefined}
                name="foo"
                placeholder={null}
                type="text"
                value=""
              />,
              false,
            ],
            "className": "form-field form-field-text",
          },
          "ref": null,
          "rendered": Array [
            Object {
              "instance": null,
              "key": undefined,
              "nodeType": "host",
              "props": Object {
                "autoFocus": false,
                "className": "form-field-text__input",
                "id": undefined,
                "name": "foo",
                "placeholder": null,
                "type": "text",
                "value": "",
              },
              "ref": null,
              "rendered": null,
              "type": "input",
            },
            false,
          ],
          "type": "div",
        },
      ],
      "type": "div",
    },
  ],
  Symbol(enzyme.__options__): Object {
    "adapter": ReactSixteenAdapter {
      "options": Object {
        "enableComponentDidUpdateOnSetState": true,
      },
    },
  },
}
`;
