// Jest Snapshot v1, https://goo.gl/fbAQLP

exports[`<PromptSwiper /> renders ok 1`] = `
<Fragment>
  <div
    className="prompts"
  >
    <div
      className="prompts__pips"
    >
      <Pips
        count={2}
        currentIndex={0}
        large={false}
      />
    </div>
    <AnimatePresence
      custom={NaN}
      exitBeforeEnter={true}
    >
      <Prompt
        direction={NaN}
        key="0"
        label="bar"
      />
    </AnimatePresence>
  </div>
</Fragment>
`;
