// Jest Snapshot v1, https://goo.gl/fbAQLP

exports[`<PromptSwiper /> renders ok 1`] = `
<Fragment>
  <div
    className="prompts"
  >
    <div
      className="prompts__pips"
    >
      <Pips
        count={2}
        currentIndex={0}
        large={false}
      />
    </div>
    <div
      className="prompts__prompts"
    >
      <Prompt
        isActive={true}
        isLeaving={false}
        key="0"
        label="bar"
      />
      <Prompt
        isActive={false}
        isLeaving={true}
        key="1"
        label="foo"
      />
    </div>
  </div>
</Fragment>
`;
