// Jest Snapshot v1, https://goo.gl/fbAQLP

exports[`<NodeLayout /> renders ok 1`] = `
<WithContext>
  <Provider
    store={
      Object {
        "@@observable": [Function],
        "dispatch": [Function],
        "getState": [Function],
        "replaceReducer": [Function],
        "subscribe": [Function],
      }
    }
  >
    <ForwardRef
      allowHighlighting={false}
      allowPositioning={false}
      allowSelect={true}
      canCreateEdge={false}
      canHighlight={false}
      concentricCircles={0}
      createEdge="bar"
      displayEdges={Array []}
      height={456}
      highlightAttributes={Object {}}
      layoutVariable="foo"
      nodes={
        Array [
          Object {
            "_uid": 123,
            "attributes": Object {
              "foo": Object {
                "x": 0,
                "y": 0,
              },
              "isOn": true,
            },
          },
          Object {
            "_uid": 1,
            "attributes": Object {
              "foo": Object {
                "x": 0,
                "y": 0,
              },
              "isOn": false,
            },
          },
        ]
      }
      selectMode=""
      skewedTowardCenter={false}
      sortOrder={Array []}
      toggleEdge={[Function]}
      toggleHighlight={[Function]}
      updateNode={[Function]}
      width={123}
    >
      <div
        className="node-layout"
      />
      <div
        style={
          Object {
            "left": 0,
            "position": "absolute",
            "top": 0,
          }
        }
      >
        <button
          onClick={[Function]}
          type="button"
        >
          enable simulation
        </button>
      </div>
    </ForwardRef>
  </Provider>
</WithContext>
`;
