// Jest Snapshot v1, https://goo.gl/fbAQLP

exports[`CardList component renders cards with list 1`] = `
<ContextProvider
  value={
    Object {
      "store": Object {
        "@@observable": [Function],
        "dispatch": [Function],
        "getState": [Function],
        "replaceReducer": [Function],
        "subscribe": [Function],
      },
      "subscription": Subscription {
        "handleChangeWrapper": [Function],
        "listeners": Object {
          "notify": [Function],
        },
        "onStateChange": [Function],
        "parentSub": undefined,
        "store": Object {
          "@@observable": [Function],
          "dispatch": [Function],
          "getState": [Function],
          "replaceReducer": [Function],
          "subscribe": [Function],
        },
        "unsubscribe": null,
      },
    }
  }
>
  <CardList
    className=""
    details={[Function]}
    getKey={[Function]}
    isItemSelected={[Function]}
    items={Array []}
    label={[Function]}
    nodes={
      Array [
        Object {
          "age": "22",
          "name": "a name",
          "uid": "a",
        },
        Object {
          "age": "88",
          "name": "b name",
          "uid": "b",
        },
        Object {
          "age": "33",
          "name": "c name",
          "uid": "c",
        },
      ]
    }
    onItemClick={[Function]}
    onToggleCard={[Function]}
    selected={[Function]}
  />
</ContextProvider>
`;
