// Jest Snapshot v1, https://goo.gl/fbAQLP

exports[`CategoricalItem component renders unexpanded categorical item 1`] = `
<FlippedWithContext>
  <div
    className="categorical-item"
    onClick={[Function]}
    style={
      Object {
        "--categorical-item-color": "black",
      }
    }
  >
    <div
      className="categorical-item__disk"
    />
    <div
      className="categorical-item__inner"
    >
      <FlippedWithContext
        scale={true}
      >
        <div
          className="categorical-item__title"
        >
          <h3>
            <Memo(MarkdownLabel)
              inline={true}
              label="undefined"
            />
          </h3>
        </div>
      </FlippedWithContext>
    </div>
  </div>
</FlippedWithContext>
`;
