// Jest Snapshot v1, https://goo.gl/fbAQLP

exports[`CategoricalItem component renders unexpanded categorical item 1`] = `
ShallowWrapper {
  Symbol(enzyme.__root__): [Circular],
  Symbol(enzyme.__unrendered__): <CategoricalItem
    accentColor="black"
    details=""
    isExpanded={false}
    isOver={false}
    label="undefined"
    nodes={Array []}
    onClick={[Function]}
    sortOrder={Array []}
    willAccept={false}
  />,
  Symbol(enzyme.__renderer__): Object {
    "batchedUpdates": [Function],
    "getNode": [Function],
    "render": [Function],
    "simulateError": [Function],
    "simulateEvent": [Function],
    "unmount": [Function],
  },
  Symbol(enzyme.__node__): Object {
    "instance": null,
    "key": undefined,
    "nodeType": "class",
    "props": Object {
      "children": <div
        className="categorical-item"
        onClick={[Function]}
        style={
          Object {
            "--categorical-item-color": "black",
          }
        }
      >
        <div
          className="categorical-item__disk"
        />
        <div
          className="categorical-item__inner"
        >
          <FlippedWithContext
            scale={true}
          >
            <div
              className="categorical-item__title"
            >
              <h3>
                undefined
              </h3>
              <h5>
                
              </h5>
            </div>
          </FlippedWithContext>
        </div>
      </div>,
      "flipId": undefined,
    },
    "ref": null,
    "rendered": Object {
      "instance": null,
      "key": undefined,
      "nodeType": "host",
      "props": Object {
        "children": Array [
          <div
            className="categorical-item__disk"
          />,
          <div
            className="categorical-item__inner"
          >
            <FlippedWithContext
              scale={true}
            >
              <div
                className="categorical-item__title"
              >
                <h3>
                  undefined
                </h3>
                <h5>
                  
                </h5>
              </div>
            </FlippedWithContext>
          </div>,
        ],
        "className": "categorical-item",
        "onClick": [Function],
        "style": Object {
          "--categorical-item-color": "black",
        },
      },
      "ref": null,
      "rendered": Array [
        Object {
          "instance": null,
          "key": undefined,
          "nodeType": "host",
          "props": Object {
            "className": "categorical-item__disk",
          },
          "ref": null,
          "rendered": null,
          "type": "div",
        },
        Object {
          "instance": null,
          "key": undefined,
          "nodeType": "host",
          "props": Object {
            "children": Array [
              <FlippedWithContext
                scale={true}
              >
                <div
                  className="categorical-item__title"
                >
                  <h3>
                    undefined
                  </h3>
                  <h5>
                    
                  </h5>
                </div>
              </FlippedWithContext>,
              false,
            ],
            "className": "categorical-item__inner",
          },
          "ref": null,
          "rendered": Array [
            Object {
              "instance": null,
              "key": undefined,
              "nodeType": "class",
              "props": Object {
                "children": <div
                  className="categorical-item__title"
                >
                  <h3>
                    undefined
                  </h3>
                  <h5>
                    
                  </h5>
                </div>,
                "inverseFlipId": undefined,
                "scale": true,
              },
              "ref": null,
              "rendered": Object {
                "instance": null,
                "key": undefined,
                "nodeType": "host",
                "props": Object {
                  "children": Array [
                    <h3>
                      undefined
                    </h3>,
                    <h5>
                      
                    </h5>,
                  ],
                  "className": "categorical-item__title",
                },
                "ref": null,
                "rendered": Array [
                  Object {
                    "instance": null,
                    "key": undefined,
                    "nodeType": "host",
                    "props": Object {
                      "children": "undefined",
                    },
                    "ref": null,
                    "rendered": "undefined",
                    "type": "h3",
                  },
                  Object {
                    "instance": null,
                    "key": undefined,
                    "nodeType": "host",
                    "props": Object {
                      "children": "",
                    },
                    "ref": null,
                    "rendered": "",
                    "type": "h5",
                  },
                ],
                "type": "div",
              },
              "type": [Function],
            },
            false,
          ],
          "type": "div",
        },
      ],
      "type": "div",
    },
    "type": [Function],
  },
  Symbol(enzyme.__nodes__): Array [
    Object {
      "instance": null,
      "key": undefined,
      "nodeType": "class",
      "props": Object {
        "children": <div
          className="categorical-item"
          onClick={[Function]}
          style={
            Object {
              "--categorical-item-color": "black",
            }
          }
        >
          <div
            className="categorical-item__disk"
          />
          <div
            className="categorical-item__inner"
          >
            <FlippedWithContext
              scale={true}
            >
              <div
                className="categorical-item__title"
              >
                <h3>
                  undefined
                </h3>
                <h5>
                  
                </h5>
              </div>
            </FlippedWithContext>
          </div>
        </div>,
        "flipId": undefined,
      },
      "ref": null,
      "rendered": Object {
        "instance": null,
        "key": undefined,
        "nodeType": "host",
        "props": Object {
          "children": Array [
            <div
              className="categorical-item__disk"
            />,
            <div
              className="categorical-item__inner"
            >
              <FlippedWithContext
                scale={true}
              >
                <div
                  className="categorical-item__title"
                >
                  <h3>
                    undefined
                  </h3>
                  <h5>
                    
                  </h5>
                </div>
              </FlippedWithContext>
            </div>,
          ],
          "className": "categorical-item",
          "onClick": [Function],
          "style": Object {
            "--categorical-item-color": "black",
          },
        },
        "ref": null,
        "rendered": Array [
          Object {
            "instance": null,
            "key": undefined,
            "nodeType": "host",
            "props": Object {
              "className": "categorical-item__disk",
            },
            "ref": null,
            "rendered": null,
            "type": "div",
          },
          Object {
            "instance": null,
            "key": undefined,
            "nodeType": "host",
            "props": Object {
              "children": Array [
                <FlippedWithContext
                  scale={true}
                >
                  <div
                    className="categorical-item__title"
                  >
                    <h3>
                      undefined
                    </h3>
                    <h5>
                      
                    </h5>
                  </div>
                </FlippedWithContext>,
                false,
              ],
              "className": "categorical-item__inner",
            },
            "ref": null,
            "rendered": Array [
              Object {
                "instance": null,
                "key": undefined,
                "nodeType": "class",
                "props": Object {
                  "children": <div
                    className="categorical-item__title"
                  >
                    <h3>
                      undefined
                    </h3>
                    <h5>
                      
                    </h5>
                  </div>,
                  "inverseFlipId": undefined,
                  "scale": true,
                },
                "ref": null,
                "rendered": Object {
                  "instance": null,
                  "key": undefined,
                  "nodeType": "host",
                  "props": Object {
                    "children": Array [
                      <h3>
                        undefined
                      </h3>,
                      <h5>
                        
                      </h5>,
                    ],
                    "className": "categorical-item__title",
                  },
                  "ref": null,
                  "rendered": Array [
                    Object {
                      "instance": null,
                      "key": undefined,
                      "nodeType": "host",
                      "props": Object {
                        "children": "undefined",
                      },
                      "ref": null,
                      "rendered": "undefined",
                      "type": "h3",
                    },
                    Object {
                      "instance": null,
                      "key": undefined,
                      "nodeType": "host",
                      "props": Object {
                        "children": "",
                      },
                      "ref": null,
                      "rendered": "",
                      "type": "h5",
                    },
                  ],
                  "type": "div",
                },
                "type": [Function],
              },
              false,
            ],
            "type": "div",
          },
        ],
        "type": "div",
      },
      "type": [Function],
    },
  ],
  Symbol(enzyme.__options__): Object {
    "adapter": ReactSixteenAdapter {
      "options": Object {
        "enableComponentDidUpdateOnSetState": true,
        "lifecycles": Object {
          "componentDidUpdate": Object {
            "onSetState": true,
          },
          "getDerivedStateFromProps": true,
          "getSnapshotBeforeUpdate": true,
          "setState": Object {
            "skipsComponentDidUpdateOnNullish": true,
          },
        },
      },
    },
  },
}
`;
