exports[`Menu component renders menu with list 1`] = `
<div>
  <div
    className="bm-overlay"
    onClick={[Function]} />
  <div
    className="bm-menu-wrap">
    <div
      className="bm-menu">
      <div
        className="scrollable">
        <div
          className="scrollable__window">
          <div>
            <div
              className="cross-icon">
              <button
                className="ui large button"
                onClick={[Function]}>
                <i
                  className="download icon" />
                Cross
              </button>
            </div>
            <header>
              <h1
                className="bm-menu-title">
                Stages
              </h1>
            </header>
            <nav
              className="bm-item-list">
              <a
                className="menu__menuitem"
                onClick={[Function]}
                role="menuitem"
                tabIndex={0}>
                
                a title
              </a>
              <a
                className="menu__menuitem"
                onClick={[Function]}
                role="menuitem"
                tabIndex={0}>
                
                b title
              </a>
              <a
                className="menu__menuitem"
                onClick={[Function]}
                role="menuitem"
                tabIndex={0}>
                
                c title
              </a>
            </nav>
          </div>
        </div>
      </div>
    </div>
  </div>
  <div
    className="burger-icon">
    <button
      className="ui large button"
      onClick={[Function]}>
      <i
        className="download icon" />
      Burger
    </button>
  </div>
</div>
`;
