// Jest Snapshot v1, https://goo.gl/fbAQLP

exports[`ProgressBar component renders ProgressBar 1`] = `
<div
  className="progress-bar progress-bar progress-bar--vertical"
  onClick={[Function]}
>
  <div
    className="progress-bar__filler"
    style={
      Object {
        "height": "40%",
      }
    }
  />
</div>
`;
