// Jest Snapshot v1, https://goo.gl/fbAQLP

exports[`Prompt component renders prompt with markdown 1`] = `
<div
  className="prompts__prompt"
>
  <ReactMarkdown
    allowedTypes={
      Array [
        "paragraph",
        "emphasis",
        "strong",
      ]
    }
    astPlugins={Array []}
    className="prompts__prompt-header"
    escapeHtml={true}
    plugins={Array []}
    rawSourcePos={false}
    renderers={Object {}}
    skipHtml={false}
    source="_prompt_ containing **markdown**"
    sourcePos={false}
    transformLinkUri={[Function]}
  />
</div>
`;
