// Jest Snapshot v1, https://goo.gl/fbAQLP

exports[`<ConcentricCircles /> renders ok 1`] = `
ShallowWrapper {
  "length": 1,
  Symbol(enzyme.__root__): [Circular],
  Symbol(enzyme.__unrendered__): <Sociogram
    prompt={
        Object {
            "sociogram": Object {
              "background": Object {},
            },
          }
    }
    stage={Object {}}
/>,
  Symbol(enzyme.__renderer__): Object {
    "batchedUpdates": [Function],
    "getNode": [Function],
    "render": [Function],
    "simulateEvent": [Function],
    "unmount": [Function],
  },
  Symbol(enzyme.__node__): Object {
    "instance": null,
    "key": undefined,
    "nodeType": "host",
    "props": Object {
      "children": Array [
        <Connect(Background)
          prompt={
                    Object {
                              "sociogram": Object {
                                "background": Object {},
                              },
                            }
          }
          stage={Object {}}
/>,
        undefined,
        <Connect(Component)
          id="NODE_LAYOUT"
          prompt={
                    Object {
                              "sociogram": Object {
                                "background": Object {},
                              },
                            }
          }
          stage={Object {}}
/>,
        <Connect(NodeBucket)
          prompt={
                    Object {
                              "sociogram": Object {
                                "background": Object {},
                              },
                            }
          }
          stage={Object {}}
/>,
      ],
      "className": "sociogram",
    },
    "ref": null,
    "rendered": Array [
      Object {
        "instance": null,
        "key": undefined,
        "nodeType": "class",
        "props": Object {
          "prompt": Object {
            "sociogram": Object {
              "background": Object {},
            },
          },
          "stage": Object {},
        },
        "ref": null,
        "rendered": null,
        "type": [Function],
      },
      undefined,
      Object {
        "instance": null,
        "key": undefined,
        "nodeType": "class",
        "props": Object {
          "id": "NODE_LAYOUT",
          "prompt": Object {
            "sociogram": Object {
              "background": Object {},
            },
          },
          "stage": Object {},
        },
        "ref": null,
        "rendered": null,
        "type": [Function],
      },
      Object {
        "instance": null,
        "key": undefined,
        "nodeType": "class",
        "props": Object {
          "prompt": Object {
            "sociogram": Object {
              "background": Object {},
            },
          },
          "stage": Object {},
        },
        "ref": null,
        "rendered": null,
        "type": [Function],
      },
    ],
    "type": "div",
  },
  Symbol(enzyme.__nodes__): Array [
    Object {
      "instance": null,
      "key": undefined,
      "nodeType": "host",
      "props": Object {
        "children": Array [
          <Connect(Background)
            prompt={
                        Object {
                                    "sociogram": Object {
                                      "background": Object {},
                                    },
                                  }
            }
            stage={Object {}}
/>,
          undefined,
          <Connect(Component)
            id="NODE_LAYOUT"
            prompt={
                        Object {
                                    "sociogram": Object {
                                      "background": Object {},
                                    },
                                  }
            }
            stage={Object {}}
/>,
          <Connect(NodeBucket)
            prompt={
                        Object {
                                    "sociogram": Object {
                                      "background": Object {},
                                    },
                                  }
            }
            stage={Object {}}
/>,
        ],
        "className": "sociogram",
      },
      "ref": null,
      "rendered": Array [
        Object {
          "instance": null,
          "key": undefined,
          "nodeType": "class",
          "props": Object {
            "prompt": Object {
              "sociogram": Object {
                "background": Object {},
              },
            },
            "stage": Object {},
          },
          "ref": null,
          "rendered": null,
          "type": [Function],
        },
        undefined,
        Object {
          "instance": null,
          "key": undefined,
          "nodeType": "class",
          "props": Object {
            "id": "NODE_LAYOUT",
            "prompt": Object {
              "sociogram": Object {
                "background": Object {},
              },
            },
            "stage": Object {},
          },
          "ref": null,
          "rendered": null,
          "type": [Function],
        },
        Object {
          "instance": null,
          "key": undefined,
          "nodeType": "class",
          "props": Object {
            "prompt": Object {
              "sociogram": Object {
                "background": Object {},
              },
            },
            "stage": Object {},
          },
          "ref": null,
          "rendered": null,
          "type": [Function],
        },
      ],
      "type": "div",
    },
  ],
  Symbol(enzyme.__options__): Object {
    "adapter": ReactSixteenAdapter {
      "options": Object {
        "enableComponentDidUpdateOnSetState": true,
      },
    },
  },
}
`;
